Microchip MPLAB XC8 Compiler V1.34 ()

Linker command line:

--edf=C:\Program Files (x86)\Microchip\xc8\v1.34\dat\en_msgs.txt -cs \
  -h+dist/default/production\lab13.X.production.sym \
  --cmf=dist/default/production\lab13.X.production.cmf -z -Q18F4620 \
  -oC:\Users\bu\AppData\Local\Temp\saqk.6 \
  -Mdist/default/production/lab13.X.production.map -E1 -ver=XC8 \
  -ASTACK=018Ah-0f7fh -pstack=STACK -ACODE=00h-0FFFFh -ACONST=00h-0FFFFh \
  -ASMALLCONST=01000h-010FFhx240 -AMEDIUMCONST=01000h-0FFFFh \
  -ACOMRAM=01h-07Fh -AABS1=00h-0F7Fh -ABIGRAM=01h-0F7Fh \
  -ARAM=080h-0FFh,0100h-01FFhx14,0F00h-0F7Fh -ABANK0=080h-0FFh \
  -ABANK1=0100h-01FFh -ABANK2=0200h-02FFh -ABANK3=0300h-03FFh \
  -ABANK4=0400h-04FFh -ABANK5=0500h-05FFh -ABANK6=0600h-06FFh \
  -ABANK7=0700h-07FFh -ABANK8=0800h-08FFh -ABANK9=0900h-09FFh \
  -ABANK10=0A00h-0AFFh -ABANK11=0B00h-0BFFh -ABANK12=0C00h-0CFFh \
  -ABANK13=0D00h-0DFFh -ABANK14=0E00h-0EFFh -ABANK15=0F00h-0F7Fh \
  -ASFR=0F80h-0FFFh \
  -preset_vec=00h,intcode=08h,intcodelo,powerup,init,end_init \
  -pramtop=01000h -psmallconst=SMALLCONST -pmediumconst=MEDIUMCONST \
  -pconst=CONST -AFARRAM=00h-00h -ACONFIG=0300000h-030000Dh -pconfig=CONFIG \
  -AIDLOC=0200000h-0200007h -pidloc=IDLOC -AEEDATA=0F00000h-0F003FFh \
  -peeprom_data=EEDATA \
  -prdata=COMRAM,nvrram=COMRAM,nvbit=COMRAM,rbss=COMRAM,rbit=COMRAM \
  -pfarbss=FARRAM,fardata=FARRAM,nvFARRAM=FARRAM \
  -pintsave_regs=BIGRAM,bigbss=BIGRAM,bigdata=BIGRAM -pbss=RAM \
  -pidata=CODE,irdata=CODE,ibigdata=CODE,ifardata=CODE -prparam=COMRAM \
  dist/default/production\startup.obj \
  dist/default/production\lab13.X.production.obj 

Object code version is 3.11

Machine type is 18F4620

Call graph: (short form)




                Name                               Link     Load   Length Selector   Space Scale
dist/default/production\startup.obj
                end_init                             18       18        4        4       0
                reset_vec                             0        0        4        0       0
                config                           300000   300000        8   300000       0
dist/default/production\lab13.X.production.obj
                intcode                               8        8       10        4       0
                mediumconst                        FC42     FC42      3BE     7E21       0
                text126                            24FC     24FC      198        4       0
                text125                            5092     5092        A        4       0
                text124                            504E     504E        E        4       0
                intcode_body                       4108     4108       86        4       0
                text122                            5068     5068        C        4       0
                text121                            50AC     50AC        8        4       0
                text120                            50A4     50A4        8        4       0
                text119                            5088     5088        A        4       0
                text118                            4EFE     4EFE       16        4       0
                text117                            4FD0     4FD0       12        4       0
                text116                            507E     507E        A        4       0
                text115                            48D0     48D0       48        4       0
                text114                            4FBE     4FBE       12        4       0
                text113                            4FAC     4FAC       12        4       0
                text112                            4A16     4A16       3E        4       0
                text111                            4A90     4A90       3C        4       0
                text110                            4E70     4E70       1A        4       0
                text109                            4DE2     4DE2       20        4       0
                text108                            4E02     4E02       1E        4       0
                text107                            5074     5074        A        4       0
                text106                            5040     5040        E        4       0
                text105                            4DC2     4DC2       20        4       0
                text104                            505C     505C        C        4       0
                text103                            4372     4372       70        4       0
                text102                            4F50     4F50       14        4       0
                text101                            4634     4634       60        4       0
                text100                            4C48     4C48       28        4       0
                text99                             4F3C     4F3C       14        4       0
                text98                             5022     5022       10        4       0
                text97                             5012     5012       10        4       0
                text96                             46EC     46EC       56        4       0
                text95                             4B9A     4B9A       30        4       0
                text94                             4080     4080       88        4       0
                text93                             4886     4886       4A        4       0
                text92                             2818     2818      156        4       0
                text91                             49D8     49D8       3E        4       0
                text90                             3556     3556       E2        4       0
                text89                             3E36     3E36       96        4       0
                text88                             4CBC     4CBC       24        4       0
                text87                             38BC     38BC       C6        4       0
                text86                             1E1C     1E1C      1C4        4       0
                text85                             4918     4918       44        4       0
                text84                             338E     338E       E6        4       0
                text83                             3FF4     3FF4       8C        4       0
                text82                             4302     4302       70        4       0
                text81                             45D4     45D4       60        4       0
                text80                             2EC4     2EC4      10A        4       0
                text79                             2CA8     2CA8      110        4       0
                text78                             3DA0     3DA0       96        4       0
                text77                             4210     4210       82        4       0
                text76                             2FCE     2FCE       F8        4       0
                text75                             19D4     19D4      244        4       0
                text74                             4CE0     4CE0       22        4       0
                text73                             5032     5032        E        4       0
                text72                             1274     1274      3E0        4       0
                text71                               1C       1C      C44        4       0
                text70                             32A4     32A4       EA        4       0
                text69                             4572     4572       62        4       0
                text68                             4F9A     4F9A       12        4       0
                text67                             509C     509C        8        4       0
                text66                             4DA2     4DA2       20        4       0
                text65                             3474     3474       E2        4       0
                text64                             4C96     4C96       26        4       0
                text63                             3BBA     3BBA       B6        4       0
                text62                             4EBA     4EBA       18        4       0
                text61                             4F88     4F88       12        4       0
                text60                             4EA2     4EA2       18        4       0
                text59                             4838     4838       4E        4       0
                text58                             43E2     43E2       68        4       0
                text57                             4694     4694       58        4       0
                text56                             418E     418E       82        4       0
                text55                             47E6     47E6       52        4       0
                text54                             4F76     4F76       12        4       0
                text53                             2B98     2B98      110        4       0
                text52                             499A     499A       3E        4       0
                text51                             30C6     30C6       F2        4       0
                text50                             4BCA     4BCA       2C        4       0
                text49                             234E     234E      1AE        4       0
                text48                             3638     3638       DC        4       0
                text47                             4E20     4E20       1C        4       0
                text46                             4B68     4B68       32        4       0
                text45                             1654     1654      380        4       0
                text44                             4E8A     4E8A       18        4       0
                text43                             5002     5002       10        4       0
                text42                             1FE0     1FE0      1BA        4       0
                text41                             4D82     4D82       20        4       0
                text40                             219A     219A      1B4        4       0
                text39                             4D62     4D62       20        4       0
                text38                             4510     4510       62        4       0
                text37                             37EA     37EA       D2        4       0
                text36                             4BF6     4BF6       2A        4       0
                text35                             3F60     3F60       94        4       0
                text34                             3A42     3A42       C0        4       0
                text33                             2694     2694      184        4       0
                text32                             296E     296E      11A        4       0
                text31                             3C70     3C70       9A        4       0
                text30                             4F28     4F28       14        4       0
                text29                             4FF2     4FF2       10        4       0
                text28                             4D42     4D42       20        4       0
                text27                             4D22     4D22       20        4       0
                text26                             2A88     2A88      110        4       0
                text25                             2DB8     2DB8      10C        4       0
                text24                             3714     3714       D6        4       0
                text23                             4B36     4B36       32        4       0
                text22                             4ACC     4ACC       38        4       0
                text21                             3D0A     3D0A       96        4       0
                text20                             4E56     4E56       1A        4       0
                text19                             4F14     4F14       14        4       0
                text18                             4FE2     4FE2       10        4       0
                text17                             4E3C     4E3C       1A        4       0
                text16                             3B02     3B02       B8        4       0
                text15                             3ECC     3ECC       94        4       0
                text14                             4EE8     4EE8       16        4       0
                text13                              C60      C60      614        4       0
                text12                             495C     495C       3E        4       0
                text11                             4A54     4A54       3C        4       0
                text10                             4C70     4C70       26        4       0
                text9                              444A     444A       64        4       0
                text8                              4F64     4F64       12        4       0
                text7                              4B04     4B04       32        4       0
                text6                              4D02     4D02       20        4       0
                text5                              3982     3982       C0        4       0
                text4                              4794     4794       52        4       0
                text3                              4742     4742       52        4       0
                text2                              4ED2     4ED2       16        4       0
                text1                              31B8     31B8       EC        4       0
                text0                              1C18     1C18      204        4       0
                cstackCOMRAM                          1        1       5F        1       1
                cstackBANK0                          DD       DD       19       80       1
                cstackBANK1                         170      170       1A      100       1
                dataBANK1                           100      100       70      100       1
                dataBANK0                            B5       B5       28       80       1
                bssBANK0                             80       80       35       80       1
                bssCOMRAM                            60       60       10        1       1
                cinit                              44AE     44AE       62        4       0
                idataBANK1                         4292     4292       70        4       0
                idataBANK0                         4C20     4C20       28        4       0

TOTAL           Name                               Link     Load   Length     Space
        CLASS   STACK          

        CLASS   CODE           
                end_init                             18       18        4         0
                intcode                               8        8       10         0
                reset_vec                             0        0        4         0
                text126                            24FC     24FC      198         0
                text125                            5092     5092        A         0
                text124                            504E     504E        E         0
                intcode_body                       4108     4108       86         0
                text122                            5068     5068        C         0
                text121                            50AC     50AC        8         0
                text120                            50A4     50A4        8         0
                text119                            5088     5088        A         0
                text118                            4EFE     4EFE       16         0
                text117                            4FD0     4FD0       12         0
                text116                            507E     507E        A         0
                text115                            48D0     48D0       48         0
                text114                            4FBE     4FBE       12         0
                text113                            4FAC     4FAC       12         0
                text112                            4A16     4A16       3E         0
                text111                            4A90     4A90       3C         0
                text110                            4E70     4E70       1A         0
                text109                            4DE2     4DE2       20         0
                text108                            4E02     4E02       1E         0
                text107                            5074     5074        A         0
                text106                            5040     5040        E         0
                text105                            4DC2     4DC2       20         0
                text104                            505C     505C        C         0
                text103                            4372     4372       70         0
                text102                            4F50     4F50       14         0
                text101                            4634     4634       60         0
                text100                            4C48     4C48       28         0
                text99                             4F3C     4F3C       14         0
                text98                             5022     5022       10         0
                text97                             5012     5012       10         0
                text96                             46EC     46EC       56         0
                text95                             4B9A     4B9A       30         0
                text94                             4080     4080       88         0
                text93                             4886     4886       4A         0
                text92                             2818     2818      156         0
                text91                             49D8     49D8       3E         0
                text90                             3556     3556       E2         0
                text89                             3E36     3E36       96         0
                text88                             4CBC     4CBC       24         0
                text87                             38BC     38BC       C6         0
                text86                             1E1C     1E1C      1C4         0
                text85                             4918     4918       44         0
                text84                             338E     338E       E6         0
                text83                             3FF4     3FF4       8C         0
                text82                             4302     4302       70         0
                text81                             45D4     45D4       60         0
                text80                             2EC4     2EC4      10A         0
                text79                             2CA8     2CA8      110         0
                text78                             3DA0     3DA0       96         0
                text77                             4210     4210       82         0
                text76                             2FCE     2FCE       F8         0
                text75                             19D4     19D4      244         0
                text74                             4CE0     4CE0       22         0
                text73                             5032     5032        E         0
                text72                             1274     1274      3E0         0
                text71                               1C       1C      C44         0
                text70                             32A4     32A4       EA         0
                text69                             4572     4572       62         0
                text68                             4F9A     4F9A       12         0
                text67                             509C     509C        8         0
                text66                             4DA2     4DA2       20         0
                text65                             3474     3474       E2         0
                text64                             4C96     4C96       26         0
                text63                             3BBA     3BBA       B6         0
                text62                             4EBA     4EBA       18         0
                text61                             4F88     4F88       12         0
                text60                             4EA2     4EA2       18         0
                text59                             4838     4838       4E         0
                text58                             43E2     43E2       68         0
                text57                             4694     4694       58         0
                text56                             418E     418E       82         0
                text55                             47E6     47E6       52         0
                text54                             4F76     4F76       12         0
                text53                             2B98     2B98      110         0
                text52                             499A     499A       3E         0
                text51                             30C6     30C6       F2         0
                text50                             4BCA     4BCA       2C         0
                text49                             234E     234E      1AE         0
                text48                             3638     3638       DC         0
                text47                             4E20     4E20       1C         0
                text46                             4B68     4B68       32         0
                text45                             1654     1654      380         0
                text44                             4E8A     4E8A       18         0
                text43                             5002     5002       10         0
                text42                             1FE0     1FE0      1BA         0
                text41                             4D82     4D82       20         0
                text40                             219A     219A      1B4         0
                text39                             4D62     4D62       20         0
                text38                             4510     4510       62         0
                text37                             37EA     37EA       D2         0
                text36                             4BF6     4BF6       2A         0
                text35                             3F60     3F60       94         0
                text34                             3A42     3A42       C0         0
                text33                             2694     2694      184         0
                text32                             296E     296E      11A         0
                text31                             3C70     3C70       9A         0
                text30                             4F28     4F28       14         0
                text29                             4FF2     4FF2       10         0
                text28                             4D42     4D42       20         0
                text27                             4D22     4D22       20         0
                text26                             2A88     2A88      110         0
                text25                             2DB8     2DB8      10C         0
                text24                             3714     3714       D6         0
                text23                             4B36     4B36       32         0
                text22                             4ACC     4ACC       38         0
                text21                             3D0A     3D0A       96         0
                text20                             4E56     4E56       1A         0
                text19                             4F14     4F14       14         0
                text18                             4FE2     4FE2       10         0
                text17                             4E3C     4E3C       1A         0
                text16                             3B02     3B02       B8         0
                text15                             3ECC     3ECC       94         0
                text14                             4EE8     4EE8       16         0
                text13                              C60      C60      614         0
                text12                             495C     495C       3E         0
                text11                             4A54     4A54       3C         0
                text10                             4C70     4C70       26         0
                text9                              444A     444A       64         0
                text8                              4F64     4F64       12         0
                text7                              4B04     4B04       32         0
                text6                              4D02     4D02       20         0
                text5                              3982     3982       C0         0
                text4                              4794     4794       52         0
                text3                              4742     4742       52         0
                text2                              4ED2     4ED2       16         0
                text1                              31B8     31B8       EC         0
                text0                              1C18     1C18      204         0
                cinit                              44AE     44AE       62         0
                idataBANK1                         4292     4292       70         0
                idataBANK0                         4C20     4C20       28         0

        CLASS   CONST          

        CLASS   SMALLCONST     

        CLASS   MEDIUMCONST    
                mediumconst                        FC42     FC42      3BE         0

        CLASS   COMRAM         
                cstackCOMRAM                          1        1       5F         1
                bssCOMRAM                            60       60       10         1

        CLASS   ABS1           

        CLASS   BIGRAM         

        CLASS   RAM            

        CLASS   BANK0          
                cstackBANK0                          DD       DD       19         1
                dataBANK0                            B5       B5       28         1
                bssBANK0                             80       80       35         1

        CLASS   BANK1          
                cstackBANK1                         170      170       1A         1
                dataBANK1                           100      100       70         1

        CLASS   BANK2          

        CLASS   BANK3          

        CLASS   BANK4          

        CLASS   BANK5          

        CLASS   BANK6          

        CLASS   BANK7          

        CLASS   BANK8          

        CLASS   BANK9          

        CLASS   BANK10         

        CLASS   BANK11         

        CLASS   BANK12         

        CLASS   BANK13         

        CLASS   BANK14         

        CLASS   BANK15         

        CLASS   SFR            

        CLASS   FARRAM         

        CLASS   CONFIG         
                config                           300000   300000        8         0

        CLASS   IDLOC          

        CLASS   EEDATA         



SEGMENTS        Name                           Load    Length   Top    Selector   Space  Class

                reset_vec                      000000  000004  000004         0       0  CODE    
                cstackCOMRAM                   000001  00006F  000070         1       1  COMRAM  
                intcode                        000008  0050AC  0050B4         4       0  CODE    
                bssBANK0                       000080  000076  0000F6        80       1  BANK0   
                dataBANK1                      000100  00008A  00018A       100       1  BANK1   
                mediumconst                    00FC42  0003BE  010000      7E21       0  MEDIUMCO
                config                         300000  000008  300008    300000       0  CONFIG  


UNUSED ADDRESS RANGES

        Name                Unused          Largest block    Delta
        BANK0            0000F6-0000FF                A
        BANK1            00018A-0001FF               76
        BANK10           000A00-000AFF              100
        BANK11           000B00-000BFF              100
        BANK12           000C00-000CFF              100
        BANK13           000D00-000DFF              100
        BANK14           000E00-000EFF              100
        BANK15           000F00-000F7F               80
        BANK2            000200-0002FF              100
        BANK3            000300-0003FF              100
        BANK4            000400-0004FF              100
        BANK5            000500-0005FF              100
        BANK6            000600-0006FF              100
        BANK7            000700-0007FF              100
        BANK8            000800-0008FF              100
        BANK9            000900-0009FF              100
        BIGRAM           000070-00007F               10
                         0000F6-0000FF                A
                         00018A-000F7F              DF6
        CODE             000004-000007                4
                         0050B4-00FC41             AB8E
        COMRAM           000070-00007F               10
        CONFIG           300008-30000D                6
        CONST            000004-000007                4
                         0050B4-00FC41             AB8E
        EEDATA           F00000-F003FF              400
        IDLOC            200000-200007                8
        MEDIUMCONST      0050B4-00FC41             AB8E
        RAM              0000F6-0000FF                A
                         00018A-000F7F              100
        SFR              000F80-000FFF               80
        SMALLCONST       0050B4-00FC41              100
        STACK            00018A-000F7F              DF6

                                  Symbol Table

?_DS1621_Read_Temp                            cstackCOMRAM 000014
?___awdiv                                     cstackCOMRAM 000017
?___awmod                                     cstackCOMRAM 00003D
?___awtoft                                    cstackCOMRAM 000019
?___ftadd                                     cstackCOMRAM 00004D
?___ftdiv                                     cstackCOMRAM 00002E
?___ftmul                                     cstackCOMRAM 00001F
?___ftneg                                     cstackCOMRAM 000011
?___ftpack                                    cstackCOMRAM 000011
?___ftsub                                     cstackCOMRAM 000059
?___fttol                                     cstackCOMRAM 00002E
?___lbtoft                                    cstackCOMRAM 000019
?___lldiv                                     cstackCOMRAM 000011
?___llmod                                     cstackCOMRAM 00001E
?___lltoft                                    cstackCOMRAM 000019
?___wmul                                      cstackCOMRAM 000011
?__div_to_l_                                  cstackCOMRAM 000011
?__tdiv_to_l_                                 cstackCOMRAM 000011
?_dec_2_bcd                                   cstackCOMRAM 000043
?_fround                                      cstackCOMRAM 000043
?_get_RPM                                     cstackCOMRAM 00001F
?_get_duty_cycle                              cstackCOMRAM 000011
?_get_full_ADC                                cstackCOMRAM 000011
?_printf                                      cstackBANK0  0000DD
?_read_volt                                   cstackCOMRAM 00003D
?_scale                                       cstackCOMRAM 000043
?_strlen                                      cstackCOMRAM 000011
DS1621_Init@Device                            cstackCOMRAM 000016
DS1621_Read_Temp@Cmd                          cstackCOMRAM 000016
DS1621_Read_Temp@Data_Ret                     cstackCOMRAM 000017
DS1621_Read_Temp@Device                       cstackCOMRAM 000018
DS3231_Init@Address_7                         cstackCOMRAM 000017
DS3231_Init@Address_E                         cstackCOMRAM 000018
DS3231_Init@Device                            cstackCOMRAM 00001A
DS3231_Init@control_E                         cstackCOMRAM 000019
DS3231_Read_Alarm_Time@Address                cstackCOMRAM 000014
DS3231_Read_Alarm_Time@Device                 cstackCOMRAM 000015
DS3231_Read_Time@Address                      cstackCOMRAM 000014
DS3231_Read_Time@Device                       cstackCOMRAM 000015
DS3231_Turn_Off_Alarm@Address_E               cstackCOMRAM 00001B
DS3231_Turn_Off_Alarm@Address_F               cstackCOMRAM 00001C
DS3231_Turn_Off_Alarm@Device                  cstackCOMRAM 00001F
DS3231_Turn_Off_Alarm@control_E               cstackCOMRAM 00001D
DS3231_Turn_Off_Alarm@control_F               cstackCOMRAM 00001E
DS3231_Turn_On_Alarm@Address_E                cstackCOMRAM 00001B
DS3231_Turn_On_Alarm@Address_F                cstackCOMRAM 00001C
DS3231_Turn_On_Alarm@Device                   cstackCOMRAM 00001F
DS3231_Turn_On_Alarm@control_E                cstackCOMRAM 00001D
DS3231_Turn_On_Alarm@control_F                cstackCOMRAM 00001E
DS3231_Write_Alarm_Time@Address               cstackCOMRAM 00004B
DS3231_Write_Alarm_Time@Device                cstackCOMRAM 00004A
DS3231_Write_Time@Address                     cstackCOMRAM 00004B
DS3231_Write_Time@Device                      cstackCOMRAM 00004A
I2C_Init@c                                    cstackCOMRAM 000011
I2C_Read@ack                                  cstackCOMRAM 000011
I2C_Read@inByte                               cstackCOMRAM 000013
I2C_Read@n                                    cstackCOMRAM 000012
I2C_Write@n                                   cstackCOMRAM 000012
I2C_Write@outByte                             cstackCOMRAM 000011
I2C_Write_Address_Read_One_Byte@Address       cstackCOMRAM 000014
I2C_Write_Address_Read_One_Byte@Data_Ret      cstackCOMRAM 000015
I2C_Write_Address_Read_One_Byte@Device        cstackCOMRAM 000016
I2C_Write_Address_Write_One_Byte@Address      cstackCOMRAM 000013
I2C_Write_Address_Write_One_Byte@Data_Out     cstackCOMRAM 000014
I2C_Write_Address_Write_One_Byte@Device       cstackCOMRAM 000015
I2C_Write_Cmd_Only@Cmd                        cstackCOMRAM 000013
I2C_Write_Cmd_Only@Device                     cstackCOMRAM 000014
I2C_Write_Cmd_Write_Data@Cmd                  cstackCOMRAM 000013
I2C_Write_Cmd_Write_Data@Data_Out             cstackCOMRAM 000014
I2C_Write_Cmd_Write_Data@Device               cstackCOMRAM 000015
OpenUSART@config                              cstackCOMRAM 000013
OpenUSART@spbrg                               cstackCOMRAM 000011
Set_RGB_Color@color                           cstackCOMRAM 000011
Update_Screen@neg_tempF                       cstackCOMRAM 00004C
Update_Setup_Fan_Screen@dc_char1              cstackCOMRAM 00004A
Update_Setup_Fan_Screen@dc_char2              cstackCOMRAM 00004B
Update_Setup_Fan_Screen@dc_char3              cstackCOMRAM 00004C
Update_Setup_Screen_Cursor_Backward@field     cstackCOMRAM 00002E
Update_Setup_Screen_Cursor_Backward@xinc      cstackCOMRAM 000030
Update_Setup_Screen_Cursor_Backward@yinc      cstackCOMRAM 00002F
Update_Setup_Screen_Cursor_Forward@field      cstackCOMRAM 00002E
Update_Setup_Screen_Cursor_Forward@xinc       cstackCOMRAM 000030
Update_Setup_Screen_Cursor_Forward@yinc       cstackCOMRAM 00002F
Wait_One_Sec@k                                cstackCOMRAM 000011
_ADCON0                                       (abs)        000FC2
_ADCON0bits                                   (abs)        000FC2
_ADCON1                                       (abs)        000FC1
_ADCON2                                       (abs)        000FC0
_ADRESH                                       (abs)        000FC4
_ADRESL                                       (abs)        000FC3
_ALARMEN                                      bssBANK0     000087
_Activate_Buzzer_2KHz                         text61       004F88
_Activate_Buzzer_4KHz                         text8        004F64
_Activate_Buzzer_500Hz                        text68       004F9A
_Alarm_SW_Txt                                 dataBANK0    0000C7
_CCP1CON                                      (abs)        000FBD
_CCP2CON                                      (abs)        000FBA
_CCPR1L                                       (abs)        000FBE
_CCPR2L                                       (abs)        000FBB
_DC_Txt                                       dataBANK0    0000CB
_DS1621_Init                                  text108      004E02
_DS1621_Read_Temp                             text111      004A90
_DS1621_tempC                                 bssBANK0     000089
_DS1621_tempF                                 bssBANK0     00008B
_DS3231_Init                                  text5        003982
_DS3231_Read_Alarm_Time                       text59       004838
_DS3231_Read_Time                             text58       0043E2
_DS3231_Turn_Off_Alarm                        text4        004794
_DS3231_Turn_On_Alarm                         text3        004742
_DS3231_Write_Alarm_Time                      text56       00418E
_DS3231_Write_Time                            text31       003C70
_Deactivate_Buzzer                            text67       00509C
_Decrease_Alarm_Time                          text69       004572
_Decrease_Fan_Temp                            text20       004E56
_Decrease_Time                                text32       00296E
_Do_Beep_Bad                                  text62       004EBA
_Do_Beep_Good                                 text60       004EA2
_Do_Init                                      text101      004634
_Do_Save_New_Alarm_Time                       text44       004E8A
_Do_Save_New_Fan_Temp                         text19       004F14
_Do_Save_New_Time                             text30       004F28
_Do_Setup_Alarm_Time                          text34       003A42
_Do_Setup_Time                                text24       003714
_Exit_Setup_Alarm_Time                        text43       005002
_Exit_Setup_Fan_Temp                          text18       004FE2
_Exit_Time_Setup                              text29       004FF2
_FAN                                          bssBANK0     00009B
_Fan_SW_Txt                                   dataBANK0    0000CF
_Fan_Set_Temp_Txt                             dataBANK0    0000B8
_Go_Next_Alarm_Field                          text41       004D82
_Go_Next_Field                                text28       004D42
_Go_Prev_Alarm_Field                          text39       004D62
_Go_Prev_Field                                text27       004D22
_I2C_Init                                     text107      005074
_I2C_ReStart                                  text118      004EFE
_I2C_Read                                     text115      0048D0
_I2C_Start                                    text114      004FBE
_I2C_Stop                                     text113      004FAC
_I2C_Write                                    text112      004A16
_I2C_Write_Address_Read_One_Byte              text7        004B04
_I2C_Write_Address_Write_One_Byte             text6        004D02
_I2C_Write_Cmd_Only                           text110      004E70
_I2C_Write_Cmd_Write_Data                     text109      004DE2
_INT0_isr                                     text126      0024FC
_INT1_flag                                    bssBANK0     00009C
_INT2_flag                                    bssBANK0     00009D
_INT2_isr                                     text125      005092
_INTCON2bits                                  (abs)        000FF1
_INTCON3bits                                  (abs)        000FF0
_INTCONbits                                   (abs)        000FF2
_In_Alarm_Time_Setup                          bssBANK0     00009E
_In_Fan_Temp_Setup                            bssBANK0     00009F
_In_Time_Setup                                bssBANK0     0000A0
_Increase_Alarm_Time                          text38       004510
_Increase_Fan_Temp                            text17       004E3C
_Increase_Time                                text26       002A88
_Init_ADC                                     text106      005040
_Init_Interrupt                               text105      004DC2
_Initialize_Screen                            text45       001654
_Initialize_Setup_Alarm_Time_Screen           text37       0037EA
_Initialize_Setup_Fan_Screen                  text16       003B02
_Initialize_Setup_Time_Screen                 text25       002DB8
_LCD_Reset                                    text54       004F76
_MATCHED                                      bssBANK0     00008D
_Monitor_Fan                                  text22       004ACC
_Nec_code                                     bssBANK0     000080
_Nec_code1                                    bssBANK0     0000A1
_Nec_state                                    bssBANK0     0000A2
_OSCCON                                       (abs)        000FD3
_OpenUSART                                    text103      004372
_PIE1bits                                     (abs)        000F9D
_PIR1bits                                     (abs)        000F9E
_PORTAbits                                    (abs)        000F80
_PORTBbits                                    (abs)        000F81
_PORTDbits                                    (abs)        000F83
_PORTE                                        (abs)        000F84
_PR2                                          (abs)        000FCB
_RBPU                                         (abs)        007F8F
_RCSTA                                        (abs)        000FAB
_RCSTAbits                                    (abs)        000FAB
_RPM_Txt                                      dataBANK0    0000BD
_RTC_ALARM_Txt                                dataBANK0    0000DB
_Rcmd1                                        text53       002B98
_Rcmd2red                                     text52       00499A
_Rcmd3                                        text51       0030C6
_SPBRG                                        (abs)        000FAF
_SPBRGH                                       (abs)        000FB0
_SSPBUF                                       (abs)        000FC9
_SSPCON1                                      (abs)        000FC6
_SSPSTAT                                      (abs)        000FC7
_SSPSTATbits                                  (abs)        000FC7
_Select_Alarm_Field                           bssBANK0     0000A3
_Select_Fan_Temp_Field                        bssBANK0     0000A4
_Select_Field                                 bssBANK0     0000A5
_Set_RGB_Color                                text2        004ED2
_Setup_Temp_Fan                               text15       003ECC
_T0CON                                        (abs)        000FD5
_T0CONbits                                    (abs)        000FD5
_T1CON                                        (abs)        000FCD
_T1CONbits                                    (abs)        000FCD
_T2CON                                        (abs)        000FCA
_T3CON                                        (abs)        000FB1
_TFT_GreenTab_Initialize                      text50       004BCA
_TIMER1_isr                                   text124      00504E
_TMR0H                                        (abs)        000FD7
_TMR0L                                        (abs)        000FD6
_TMR1H                                        (abs)        000FCF
_TMR1L                                        (abs)        000FCE
_TMR3L                                        (abs)        000FB2
_TRISA                                        (abs)        000F92
_TRISB                                        (abs)        000F93
_TRISC                                        (abs)        000F94
_TRISCbits                                    (abs)        000F94
_TRISD                                        (abs)        000F95
_TRISDbits                                    (abs)        000F95
_TRISE                                        (abs)        000F96
_TRMT                                         (abs)        007D61
_TXREG                                        (abs)        000FAD
_TXSTA                                        (abs)        000FAC
_TXSTAbits                                    (abs)        000FAC
_Time_Elapsed                                 bssCOMRAM    000060
_Toggle_Fan_Monitor                           text14       004EE8
_Turn_Off_Fan                                 text104      00505C
_Update_Screen                                text13       000C60
_Update_Setup_Alarm_Time_Screen               text70       0032A4
_Update_Setup_Fan_Screen                      text21       003D0A
_Update_Setup_Screen_Cursor_Backward          text40       00219A
_Update_Setup_Screen_Cursor_Forward           text42       001FE0
_Update_Setup_Time_Screen                     text33       002694
_Volt_Txt                                     dataBANK1    00016A
_Wait_One_Sec                                 text66       004DA2
__CFG_BOREN$OFF                               (abs)        000000
__CFG_CCP2MX$PORTBE                           (abs)        000000
__CFG_LVP$OFF                                 (abs)        000000
__CFG_OSC$INTIO67                             (abs)        000000
__CFG_WDT$OFF                                 (abs)        000000
__HRAM                                        (abs)        000000
__Habs1                                       abs1         000000
__Hbank0                                      bank0        000000
__Hbank1                                      bank1        000000
__Hbank10                                     bank10       000000
__Hbank11                                     bank11       000000
__Hbank12                                     bank12       000000
__Hbank13                                     bank13       000000
__Hbank14                                     bank14       000000
__Hbank15                                     bank15       000000
__Hbank2                                      bank2        000000
__Hbank3                                      bank3        000000
__Hbank4                                      bank4        000000
__Hbank5                                      bank5        000000
__Hbank6                                      bank6        000000
__Hbank7                                      bank7        000000
__Hbank8                                      bank8        000000
__Hbank9                                      bank9        000000
__Hbigbss                                     bigbss       000000
__Hbigdata                                    bigdata      000000
__Hbigram                                     bigram       000000
__Hbss                                        bss          000000
__HbssBANK0                                   bssBANK0     000000
__HbssCOMRAM                                  bssCOMRAM    000000
__Hcinit                                      cinit        000000
__Hclrtext                                    clrtext      000000
__Hcomram                                     comram       000000
__Hconfig                                     config       300008
__Hconst                                      const        000000
__HcstackBANK0                                cstackBANK0  000000
__HcstackBANK1                                cstackBANK1  000000
__HcstackCOMRAM                               cstackCOMRAM 000000
__Hdata                                       data         000000
__HdataBANK0                                  dataBANK0    000000
__HdataBANK1                                  dataBANK1    000000
__Heeprom_data                                eeprom_data  000000
__Hend_init                                   end_init     00001C
__Hfarbss                                     farbss       000000
__Hfardata                                    fardata      000000
__Hibigdata                                   ibigdata     000000
__Hidata                                      idata        000000
__HidataBANK0                                 idataBANK0   000000
__HidataBANK1                                 idataBANK1   000000
__Hidloc                                      idloc        000000
__Hifardata                                   ifardata     000000
__Hinit                                       init         000018
__Hintcode                                    intcode      000018
__Hintcode_body                               intcode_body 000000
__Hintcodelo                                  intcodelo    000018
__Hintentry                                   intentry     000000
__Hintret                                     intret       000000
__Hintsave_regs                               intsave_regs 000000
__Hirdata                                     irdata       000000
__Hmediumconst                                mediumconst  010000
__HnvFARRAM                                   nvFARRAM     000000
__Hnvbit                                      nvbit        000000
__Hnvrram                                     nvrram       000000
__Hparam                                      rparam       000000
__Hpowerup                                    powerup      000018
__Hram                                        ram          000000
__Hramtop                                     ramtop       001000
__Hrbit                                       rbit         000000
__Hrbss                                       rbss         000000
__Hrdata                                      rdata        000000
__Hreset_vec                                  reset_vec    000004
__Hrparam                                     rparam       000000
__Hsfr                                        sfr          000000
__Hsmallconst                                 smallconst   000000
__Hspace_0                                    (abs)        300008
__Hspace_1                                    (abs)        00018A
__Hspace_2                                    (abs)        000000
__Hstack                                      stack        000000
__Hstruct                                     struct       000000
__Htemp                                       temp         000000
__Htext                                       text         000000
__Htext0                                      text0        000000
__Htext1                                      text1        000000
__Htext10                                     text10       000000
__Htext100                                    text100      000000
__Htext101                                    text101      000000
__Htext102                                    text102      000000
__Htext103                                    text103      000000
__Htext104                                    text104      000000
__Htext105                                    text105      000000
__Htext106                                    text106      000000
__Htext107                                    text107      000000
__Htext108                                    text108      000000
__Htext109                                    text109      000000
__Htext11                                     text11       000000
__Htext110                                    text110      000000
__Htext111                                    text111      000000
__Htext112                                    text112      000000
__Htext113                                    text113      000000
__Htext114                                    text114      000000
__Htext115                                    text115      000000
__Htext116                                    text116      000000
__Htext117                                    text117      000000
__Htext118                                    text118      000000
__Htext119                                    text119      000000
__Htext12                                     text12       000000
__Htext120                                    text120      000000
__Htext121                                    text121      000000
__Htext122                                    text122      000000
__Htext124                                    text124      000000
__Htext125                                    text125      000000
__Htext126                                    text126      000000
__Htext13                                     text13       000000
__Htext14                                     text14       000000
__Htext15                                     text15       000000
__Htext16                                     text16       000000
__Htext17                                     text17       000000
__Htext18                                     text18       000000
__Htext19                                     text19       000000
__Htext2                                      text2        000000
__Htext20                                     text20       000000
__Htext21                                     text21       000000
__Htext22                                     text22       000000
__Htext23                                     text23       000000
__Htext24                                     text24       000000
__Htext25                                     text25       000000
__Htext26                                     text26       000000
__Htext27                                     text27       000000
__Htext28                                     text28       000000
__Htext29                                     text29       000000
__Htext3                                      text3        000000
__Htext30                                     text30       000000
__Htext31                                     text31       000000
__Htext32                                     text32       000000
__Htext33                                     text33       000000
__Htext34                                     text34       000000
__Htext35                                     text35       000000
__Htext36                                     text36       000000
__Htext37                                     text37       000000
__Htext38                                     text38       000000
__Htext39                                     text39       000000
__Htext4                                      text4        000000
__Htext40                                     text40       000000
__Htext41                                     text41       000000
__Htext42                                     text42       000000
__Htext43                                     text43       000000
__Htext44                                     text44       000000
__Htext45                                     text45       000000
__Htext46                                     text46       000000
__Htext47                                     text47       000000
__Htext48                                     text48       000000
__Htext49                                     text49       000000
__Htext5                                      text5        000000
__Htext50                                     text50       000000
__Htext51                                     text51       000000
__Htext52                                     text52       000000
__Htext53                                     text53       000000
__Htext54                                     text54       000000
__Htext55                                     text55       000000
__Htext56                                     text56       000000
__Htext57                                     text57       000000
__Htext58                                     text58       000000
__Htext59                                     text59       000000
__Htext6                                      text6        000000
__Htext60                                     text60       000000
__Htext61                                     text61       000000
__Htext62                                     text62       000000
__Htext63                                     text63       000000
__Htext64                                     text64       000000
__Htext65                                     text65       000000
__Htext66                                     text66       000000
__Htext67                                     text67       000000
__Htext68                                     text68       000000
__Htext69                                     text69       000000
__Htext7                                      text7        000000
__Htext70                                     text70       000000
__Htext71                                     text71       000000
__Htext72                                     text72       000000
__Htext73                                     text73       000000
__Htext74                                     text74       000000
__Htext75                                     text75       000000
__Htext76                                     text76       000000
__Htext77                                     text77       000000
__Htext78                                     text78       000000
__Htext79                                     text79       000000
__Htext8                                      text8        000000
__Htext80                                     text80       000000
__Htext81                                     text81       000000
__Htext82                                     text82       000000
__Htext83                                     text83       000000
__Htext84                                     text84       000000
__Htext85                                     text85       000000
__Htext86                                     text86       000000
__Htext87                                     text87       000000
__Htext88                                     text88       000000
__Htext89                                     text89       000000
__Htext9                                      text9        000000
__Htext90                                     text90       000000
__Htext91                                     text91       000000
__Htext92                                     text92       000000
__Htext93                                     text93       000000
__Htext94                                     text94       000000
__Htext95                                     text95       000000
__Htext96                                     text96       000000
__Htext97                                     text97       000000
__Htext98                                     text98       000000
__Htext99                                     text99       000000
__LRAM                                        (abs)        000001
__Labs1                                       abs1         000000
__Lbank0                                      bank0        000000
__Lbank1                                      bank1        000000
__Lbank10                                     bank10       000000
__Lbank11                                     bank11       000000
__Lbank12                                     bank12       000000
__Lbank13                                     bank13       000000
__Lbank14                                     bank14       000000
__Lbank15                                     bank15       000000
__Lbank2                                      bank2        000000
__Lbank3                                      bank3        000000
__Lbank4                                      bank4        000000
__Lbank5                                      bank5        000000
__Lbank6                                      bank6        000000
__Lbank7                                      bank7        000000
__Lbank8                                      bank8        000000
__Lbank9                                      bank9        000000
__Lbigbss                                     bigbss       000000
__Lbigdata                                    bigdata      000000
__Lbigram                                     bigram       000000
__Lbss                                        bss          000000
__LbssBANK0                                   bssBANK0     000000
__LbssCOMRAM                                  bssCOMRAM    000000
__Lcinit                                      cinit        000000
__Lclrtext                                    clrtext      000000
__Lcomram                                     comram       000000
__Lconfig                                     config       300000
__Lconst                                      const        000000
__LcstackBANK0                                cstackBANK0  000000
__LcstackBANK1                                cstackBANK1  000000
__LcstackCOMRAM                               cstackCOMRAM 000000
__Ldata                                       data         000000
__LdataBANK0                                  dataBANK0    000000
__LdataBANK1                                  dataBANK1    000000
__Leeprom_data                                eeprom_data  000000
__Lend_init                                   end_init     000018
__Lfarbss                                     farbss       000000
__Lfardata                                    fardata      000000
__Libigdata                                   ibigdata     000000
__Lidata                                      idata        000000
__LidataBANK0                                 idataBANK0   000000
__LidataBANK1                                 idataBANK1   000000
__Lidloc                                      idloc        000000
__Lifardata                                   ifardata     000000
__Linit                                       init         000018
__Lintcode                                    intcode      000008
__Lintcode_body                               intcode_body 000000
__Lintcodelo                                  intcodelo    000018
__Lintentry                                   intentry     000000
__Lintret                                     intret       000000
__Lintsave_regs                               intsave_regs 000000
__Lirdata                                     irdata       000000
__Lmediumconst                                mediumconst  00FC42
__LnvFARRAM                                   nvFARRAM     000000
__Lnvbit                                      nvbit        000000
__Lnvrram                                     nvrram       000000
__Lparam                                      rparam       000000
__Lpowerup                                    powerup      000018
__Lram                                        ram          000000
__Lramtop                                     ramtop       001000
__Lrbit                                       rbit         000000
__Lrbss                                       rbss         000000
__Lrdata                                      rdata        000000
__Lreset_vec                                  reset_vec    000000
__Lrparam                                     rparam       000000
__Lsfr                                        sfr          000000
__Lsmallconst                                 smallconst   000000
__Lspace_0                                    (abs)        000000
__Lspace_1                                    (abs)        000000
__Lspace_2                                    (abs)        000000
__Lstack                                      stack        000000
__Lstruct                                     struct       000000
__Ltemp                                       temp         000000
__Ltext                                       text         000000
__Ltext0                                      text0        000000
__Ltext1                                      text1        000000
__Ltext10                                     text10       000000
__Ltext100                                    text100      000000
__Ltext101                                    text101      000000
__Ltext102                                    text102      000000
__Ltext103                                    text103      000000
__Ltext104                                    text104      000000
__Ltext105                                    text105      000000
__Ltext106                                    text106      000000
__Ltext107                                    text107      000000
__Ltext108                                    text108      000000
__Ltext109                                    text109      000000
__Ltext11                                     text11       000000
__Ltext110                                    text110      000000
__Ltext111                                    text111      000000
__Ltext112                                    text112      000000
__Ltext113                                    text113      000000
__Ltext114                                    text114      000000
__Ltext115                                    text115      000000
__Ltext116                                    text116      000000
__Ltext117                                    text117      000000
__Ltext118                                    text118      000000
__Ltext119                                    text119      000000
__Ltext12                                     text12       000000
__Ltext120                                    text120      000000
__Ltext121                                    text121      000000
__Ltext122                                    text122      000000
__Ltext124                                    text124      000000
__Ltext125                                    text125      000000
__Ltext126                                    text126      000000
__Ltext13                                     text13       000000
__Ltext14                                     text14       000000
__Ltext15                                     text15       000000
__Ltext16                                     text16       000000
__Ltext17                                     text17       000000
__Ltext18                                     text18       000000
__Ltext19                                     text19       000000
__Ltext2                                      text2        000000
__Ltext20                                     text20       000000
__Ltext21                                     text21       000000
__Ltext22                                     text22       000000
__Ltext23                                     text23       000000
__Ltext24                                     text24       000000
__Ltext25                                     text25       000000
__Ltext26                                     text26       000000
__Ltext27                                     text27       000000
__Ltext28                                     text28       000000
__Ltext29                                     text29       000000
__Ltext3                                      text3        000000
__Ltext30                                     text30       000000
__Ltext31                                     text31       000000
__Ltext32                                     text32       000000
__Ltext33                                     text33       000000
__Ltext34                                     text34       000000
__Ltext35                                     text35       000000
__Ltext36                                     text36       000000
__Ltext37                                     text37       000000
__Ltext38                                     text38       000000
__Ltext39                                     text39       000000
__Ltext4                                      text4        000000
__Ltext40                                     text40       000000
__Ltext41                                     text41       000000
__Ltext42                                     text42       000000
__Ltext43                                     text43       000000
__Ltext44                                     text44       000000
__Ltext45                                     text45       000000
__Ltext46                                     text46       000000
__Ltext47                                     text47       000000
__Ltext48                                     text48       000000
__Ltext49                                     text49       000000
__Ltext5                                      text5        000000
__Ltext50                                     text50       000000
__Ltext51                                     text51       000000
__Ltext52                                     text52       000000
__Ltext53                                     text53       000000
__Ltext54                                     text54       000000
__Ltext55                                     text55       000000
__Ltext56                                     text56       000000
__Ltext57                                     text57       000000
__Ltext58                                     text58       000000
__Ltext59                                     text59       000000
__Ltext6                                      text6        000000
__Ltext60                                     text60       000000
__Ltext61                                     text61       000000
__Ltext62                                     text62       000000
__Ltext63                                     text63       000000
__Ltext64                                     text64       000000
__Ltext65                                     text65       000000
__Ltext66                                     text66       000000
__Ltext67                                     text67       000000
__Ltext68                                     text68       000000
__Ltext69                                     text69       000000
__Ltext7                                      text7        000000
__Ltext70                                     text70       000000
__Ltext71                                     text71       000000
__Ltext72                                     text72       000000
__Ltext73                                     text73       000000
__Ltext74                                     text74       000000
__Ltext75                                     text75       000000
__Ltext76                                     text76       000000
__Ltext77                                     text77       000000
__Ltext78                                     text78       000000
__Ltext79                                     text79       000000
__Ltext8                                      text8        000000
__Ltext80                                     text80       000000
__Ltext81                                     text81       000000
__Ltext82                                     text82       000000
__Ltext83                                     text83       000000
__Ltext84                                     text84       000000
__Ltext85                                     text85       000000
__Ltext86                                     text86       000000
__Ltext87                                     text87       000000
__Ltext88                                     text88       000000
__Ltext89                                     text89       000000
__Ltext9                                      text9        000000
__Ltext90                                     text90       000000
__Ltext91                                     text91       000000
__Ltext92                                     text92       000000
__Ltext93                                     text93       000000
__Ltext94                                     text94       000000
__Ltext95                                     text95       000000
__Ltext96                                     text96       000000
__Ltext97                                     text97       000000
__Ltext98                                     text98       000000
__Ltext99                                     text99       000000
__S0                                          (abs)        300008
__S1                                          (abs)        00018A
__S2                                          (abs)        000000
___awdiv                                      text78       003DA0
___awdiv@counter                              cstackCOMRAM 00001B
___awdiv@dividend                             cstackCOMRAM 000017
___awdiv@divisor                              cstackCOMRAM 000019
___awdiv@quotient                             cstackCOMRAM 00001D
___awdiv@sign                                 cstackCOMRAM 00001C
___awmod                                      text77       004210
___awmod@counter                              cstackCOMRAM 000041
___awmod@dividend                             cstackCOMRAM 00003D
___awmod@divisor                              cstackCOMRAM 00003F
___awmod@sign                                 cstackCOMRAM 000042
___awtoft                                     text11       004A54
___awtoft@c                                   cstackCOMRAM 000019
___awtoft@sign                                cstackCOMRAM 00001C
___ftadd                                      text86       001E1C
___ftadd@exp1                                 cstackCOMRAM 000058
___ftadd@exp2                                 cstackCOMRAM 000057
___ftadd@f1                                   cstackCOMRAM 00004D
___ftadd@f2                                   cstackCOMRAM 000050
___ftadd@sign                                 cstackCOMRAM 000056
___ftdiv                                      text65       003474
___ftdiv@cntr                                 cstackCOMRAM 000037
___ftdiv@exp                                  cstackCOMRAM 00003B
___ftdiv@f1                                   cstackCOMRAM 00002E
___ftdiv@f2                                   cstackCOMRAM 000031
___ftdiv@f3                                   cstackCOMRAM 000038
___ftdiv@sign                                 cstackCOMRAM 00003C
___ftge                                       text89       003E36
___ftge@ff1                                   cstackCOMRAM 000011
___ftge@ff2                                   cstackCOMRAM 000014
___ftmul                                      text76       002FCE
___ftmul@cntr                                 cstackCOMRAM 00002C
___ftmul@exp                                  cstackCOMRAM 000028
___ftmul@f1                                   cstackCOMRAM 00001F
___ftmul@f2                                   cstackCOMRAM 000022
___ftmul@f3_as_product                        cstackCOMRAM 000029
___ftmul@sign                                 cstackCOMRAM 00002D
___ftneg                                      text88       004CBC
___ftneg@f1                                   cstackCOMRAM 000011
___ftpack                                     text87       0038BC
___ftpack@arg                                 cstackCOMRAM 000011
___ftpack@exp                                 cstackCOMRAM 000014
___ftpack@sign                                cstackCOMRAM 000015
___ftsub                                      text85       004918
___ftsub@f1                                   cstackCOMRAM 000059
___ftsub@f2                                   cstackCOMRAM 00005C
___fttol                                      text84       00338E
___fttol@exp1                                 cstackCOMRAM 00003C
___fttol@f1                                   cstackCOMRAM 00002E
___fttol@lval                                 cstackCOMRAM 000038
___fttol@sign1                                cstackCOMRAM 000037
___inthi_sp                                   stack        000000
___intlo_sp                                   stack        000000
___lbtoft                                     text64       004C96
___lbtoft@c                                   cstackCOMRAM 00001C
___lldiv                                      text83       003FF4
___lldiv@counter                              cstackCOMRAM 00001D
___lldiv@dividend                             cstackCOMRAM 000011
___lldiv@divisor                              cstackCOMRAM 000015
___lldiv@quotient                             cstackCOMRAM 000019
___llmod                                      text82       004302
___llmod@counter                              cstackCOMRAM 000026
___llmod@dividend                             cstackCOMRAM 00001E
___llmod@divisor                              cstackCOMRAM 000022
___lltoft                                     text81       0045D4
___lltoft@c                                   cstackCOMRAM 000019
___lltoft@exp                                 cstackCOMRAM 000021
___param_bank                                 (abs)        000010
___rparam_used                                (abs)        000001
___sp                                         stack        000000
___wmul                                       text100      004C48
___wmul@multiplicand                          cstackCOMRAM 000013
___wmul@multiplier                            cstackCOMRAM 000011
___wmul@product                               cstackCOMRAM 000015
__accesstop                                   (abs)        000080
__activetblptr                                (abs)        000002
__div_to_l_                                   text80       002EC4
__div_to_l_@cntr                              cstackCOMRAM 00001B
__div_to_l_@exp1                              cstackCOMRAM 00001C
__div_to_l_@f1                                cstackCOMRAM 000011
__div_to_l_@f2                                cstackCOMRAM 000014
__div_to_l_@quot                              cstackCOMRAM 000017
__end_of_Activate_Buzzer_2KHz                 text61       004F9A
__end_of_Activate_Buzzer_4KHz                 text8        004F76
__end_of_Activate_Buzzer_500Hz                text68       004FAC
__end_of_DS1621_Init                          text108      004E20
__end_of_DS1621_Read_Temp                     text111      004ACC
__end_of_DS3231_Init                          text5        003A42
__end_of_DS3231_Read_Alarm_Time               text59       004886
__end_of_DS3231_Read_Time                     text58       00444A
__end_of_DS3231_Turn_Off_Alarm                text4        0047E6
__end_of_DS3231_Turn_On_Alarm                 text3        004794
__end_of_DS3231_Write_Alarm_Time              text56       004210
__end_of_DS3231_Write_Time                    text31       003D0A
__end_of_Deactivate_Buzzer                    text67       0050A4
__end_of_Decrease_Alarm_Time                  text69       0045D4
__end_of_Decrease_Fan_Temp                    text20       004E70
__end_of_Decrease_Time                        text32       002A88
__end_of_Do_Beep_Bad                          text62       004ED2
__end_of_Do_Beep_Good                         text60       004EBA
__end_of_Do_Init                              text101      004694
__end_of_Do_Save_New_Alarm_Time               text44       004EA2
__end_of_Do_Save_New_Fan_Temp                 text19       004F28
__end_of_Do_Save_New_Time                     text30       004F3C
__end_of_Do_Setup_Alarm_Time                  text34       003B02
__end_of_Do_Setup_Time                        text24       0037EA
__end_of_Exit_Setup_Alarm_Time                text43       005012
[...]
		None               void
 Registers used:
		None
 Tracked objects:
		On entry : 
		On exit  : 
		Unchanged: 
 Data sizes:     COMRAM   BANK0   BANK1   BANK2   BANK3   BANK4   BANK5   BANK6   BANK7   BANK8   BANK9  BANK10  BANK11  BANK12  BANK13  BANK14  BANK15
      Params:         0       0       0       0       0       0       0       0       0       0       0       0       0       0       0       0       0
      Locals:         0       0       0       0       0       0       0       0       0       0       0       0       0       0       0       0       0
      Temps:          0       0       0       0       0       0       0       0       0       0       0       0       0       0       0       0       0
      Totals:         0       0       0       0       0       0       0       0       0       0       0       0       0       0       0       0       0
Total ram usage:        0 bytes
 Hardware stack levels used:    1
 Hardware stack levels required when called:    2
 This function calls:
		Nothing
 This function is called by:
		_I2C_Read
		_I2C_Write
		_i2cNack
		_i2cAck
		_I2C_Start
		_I2C_ReStart
		_I2C_Stop
 This function uses a non-reentrant model


 *************** function _i2cHighSda *****************
 Defined at:
		line 96 in file "I2C_Soft.c"
 Parameters:    Size  Location     Type
		None
 Auto vars:     Size  Location     Type
		None
 Return value:  Size  Location     Type
		None               void
 Registers used:
		None
 Tracked objects:
		On entry : 
		On exit  : 
		Unchanged: 
 Data sizes:     COMRAM   BANK0   BANK1   BANK2   BANK3   BANK4   BANK5   BANK6   BANK7   BANK8   BANK9  BANK10  BANK11  BANK12  BANK13  BANK14  BANK15
      Params:         0       0       0       0       0       0       0       0       0       0       0       0       0       0       0       0       0
      Locals:         0       0       0       0       0       0       0       0       0       0       0       0       0       0       0       0       0
      Temps:          0       0       0       0       0       0       0       0       0       0       0       0       0       0       0       0       0
      Totals:         0       0       0       0       0       0       0       0       0       0       0       0       0       0       0       0       0
Total ram usage:        0 bytes
 Hardware stack levels used:    1
 Hardware stack levels required when called:    2
 This function calls:
		Nothing
 This function is called by:
		_I2C_Init
		_I2C_Read
		_I2C_Write
		_i2cAck
		_I2C_Start
		_I2C_ReStart
		_I2C_Stop
 This function uses a non-reentrant model


 *************** function _i2cHighScl *****************
 Defined at:
		line 109 in file "I2C_Soft.c"
 Parameters:    Size  Location     Type
		None
 Auto vars:     Size  Location     Type
		None
 Return value:  Size  Location     Type
		None               void
 Registers used:
		wreg
 Tracked objects:
		On entry : 
		On exit  : 
		Unchanged: 
 Data sizes:     COMRAM   BANK0   BANK1   BANK2   BANK3   BANK4   BANK5   BANK6   BANK7   BANK8   BANK9  BANK10  BANK11  BANK12  BANK13  BANK14  BANK15
      Params:         0       0       0       0       0       0       0       0       0       0       0       0       0       0       0       0       0
      Locals:         0       0       0       0       0       0       0       0       0       0       0       0       0       0       0       0       0
      Temps:          0       0       0       0       0       0       0       0       0       0       0       0       0       0       0       0       0
      Totals:         0       0       0       0       0       0       0       0       0       0       0       0       0       0       0       0       0
Total ram usage:        0 bytes
 Hardware stack levels used:    1
 Hardware stack levels required when called:    2
 This function calls:
		Nothing
 This function is called by:
		_I2C_Init
		_I2C_Read
		_I2C_Write
		_i2cNack
		_i2cAck
		_I2C_Start
		_I2C_ReStart
		_I2C_Stop
 This function uses a non-reentrant model


 *************** function _chkisr *****************
 Defined at:
		line 38 in file "Interrupt.c"
 Parameters:    Size  Location     Type
		None
 Auto vars:     Size  Location     Type
		None
 Return value:  Size  Location     Type
		None               void
 Registers used:
		wreg, status,2, status,0, cstack
 Tracked objects:
		On entry : 
		On exit  : 
		Unchanged: 
 Data sizes:     COMRAM   BANK0   BANK1   BANK2   BANK3   BANK4   BANK5   BANK6   BANK7   BANK8   BANK9  BANK10  BANK11  BANK12  BANK13  BANK14  BANK15
      Params:         0       0       0       0       0       0       0       0       0       0       0       0       0       0       0       0       0
      Locals:         0       0       0       0       0       0       0       0       0       0       0       0       0       0       0       0       0
      Temps:         14       0       0       0       0       0       0       0       0       0       0       0       0       0       0       0       0
      Totals:        14       0       0       0       0       0       0       0       0       0       0       0       0       0       0       0       0
Total ram usage:       14 bytes
 Hardware stack levels used:    1
 Hardware stack levels required when called:    1
 This function calls:
		_INT0_isr
		_INT2_isr
		_TIMER1_isr
 This function is called by:
		Interrupt level 2
 This function uses a non-reentrant model


 *************** function _TIMER1_isr *****************
 Defined at:
		line 46 in file "Interrupt.c"
 Parameters:    Size  Location     Type
		None
 Auto vars:     Size  Location     Type
		None
 Return value:  Size  Location     Type
		None               void
 Registers used:
		wreg, status,2
 Tracked objects:
		On entry : 
		On exit  : 
		Unchanged: 
 Data sizes:     COMRAM   BANK0   BANK1   BANK2   BANK3   BANK4   BANK5   BANK6   BANK7   BANK8   BANK9  BANK10  BANK11  BANK12  BANK13  BANK14  BANK15
      Params:         0       0       0       0       0       0       0       0       0       0       0       0       0       0       0       0       0
      Locals:         0       0       0       0       0       0       0       0       0       0       0       0       0       0       0       0       0
      Temps:          0       0       0       0       0       0       0       0       0       0       0       0       0       0       0       0       0
      Totals:         0       0       0       0       0       0       0       0       0       0       0       0       0       0       0       0       0
Total ram usage:        0 bytes
 Hardware stack levels used:    1
 This function calls:
		Nothing
 This function is called by:
		_chkisr
 This function uses a non-reentrant model


 *************** function _INT2_isr *****************
 Defined at:
		line 164 in file "Interrupt.c"
 Parameters:    Size  Location     Type
		None
 Auto vars:     Size  Location     Type
		None
 Return value:  Size  Location     Type
		None               void
 Registers used:
		wreg, status,2
 Tracked objects:
		On entry : 
		On exit  : 
		Unchanged: 
 Data sizes:     COMRAM   BANK0   BANK1   BANK2   BANK3   BANK4   BANK5   BANK6   BANK7   BANK8   BANK9  BANK10  BANK11  BANK12  BANK13  BANK14  BANK15
      Params:         0       0       0       0       0       0       0       0       0       0       0       0       0       0       0       0       0
      Locals:         0       0       0       0       0       0       0       0       0       0       0       0       0       0       0       0       0
      Temps:          0       0       0       0       0       0       0       0       0       0       0       0       0       0       0       0       0
      Totals:         0       0       0       0       0       0       0       0       0       0       0       0       0       0       0       0       0
Total ram usage:        0 bytes
 Hardware stack levels used:    1
 This function calls:
		Nothing
 This function is called by:
		_chkisr
 This function uses a non-reentrant model


 *************** function _INT0_isr *****************
 Defined at:
		line 60 in file "Interrupt.c"
 Parameters:    Size  Location     Type
		None
 Auto vars:     Size  Location     Type
		None
 Return value:  Size  Location     Type
		None               void
 Registers used:
		wreg, status,2, status,0
 Tracked objects:
		On entry : 
		On exit  : 
		Unchanged: 
 Data sizes:     COMRAM   BANK0   BANK1   BANK2   BANK3   BANK4   BANK5   BANK6   BANK7   BANK8   BANK9  BANK10  BANK11  BANK12  BANK13  BANK14  BANK15
      Params:         0       0       0       0       0       0       0       0       0       0       0       0       0       0       0       0       0
      Locals:         0       0       0       0       0       0       0       0       0       0       0       0       0       0       0       0       0
      Temps:          2       0       0       0       0       0       0       0       0       0       0       0       0       0       0       0       0
      Totals:         2       0       0       0       0       0       0       0       0       0       0       0       0       0       0       0       0
Total ram usage:        2 bytes
 Hardware stack levels used:    1
 This function calls:
		Nothing
 This function is called by:
		_chkisr
 This function uses a non-reentrant model



MODULE INFORMATION

Module		Function		Class		Link	Load	Size
I2C_Soft.c
		_I2C_Write_Addr		CODE           	4B04	0000	51
		_i2cLowSda     		CODE           	5088	0000	11
		_i2cLowScl     		CODE           	50A4	0000	9
		_I2C_Write_Cmd_		CODE           	4E70	0000	27
		_I2C_Write     		CODE           	4A16	0000	63
		_I2C_Write_Cmd_		CODE           	4DE2	0000	33
		_I2C_Stop      		CODE           	4FAC	0000	19
		_I2C_Read      		CODE           	48D0	0000	73
		_i2cNack       		CODE           	507E	0000	11
		_I2C_Init      		CODE           	5074	0000	11
		_i2cHighSda    		CODE           	50AC	0000	9
		_i2cHighScl    		CODE           	5068	0000	13
		_I2C_Start     		CODE           	4FBE	0000	19
		_i2cAck        		CODE           	4FD0	0000	19
		_I2C_Write_Addr		CODE           	4D02	0000	33
		_I2C_ReStart   		CODE           	4EFE	0000	23

I2C_Soft.c estimated size: 424

C:\Program Files (x86)\Microchip\xc8\v1.34\sources\common\ftge.c
		___ftge        		CODE           	3E36	0000	151

C:\Program Files (x86)\Microchip\xc8\v1.34\sources\common\ftge.c estimated size: 151

C:\Program Files (x86)\Microchip\xc8\v1.34\sources\common\ftdivl.c
		__tdiv_to_l_   		CODE           	2CA8	0000	273

C:\Program Files (x86)\Microchip\xc8\v1.34\sources\common\ftdivl.c estimated size: 273

C:\Program Files (x86)\Microchip\xc8\v1.34\sources\common\ftneg.c
		___ftneg       		CODE           	4CBC	0000	37

C:\Program Files (x86)\Microchip\xc8\v1.34\sources\common\ftneg.c estimated size: 37

C:\Program Files (x86)\Microchip\xc8\v1.34\sources\common\fldivl.c
		__div_to_l_    		CODE           	2EC4	0000	267

C:\Program Files (x86)\Microchip\xc8\v1.34\sources\common\fldivl.c estimated size: 267

C:\Program Files (x86)\Microchip\xc8\v1.34\sources\common\ftsub.c
		___ftsub       		CODE           	4918	0000	69

C:\Program Files (x86)\Microchip\xc8\v1.34\sources\common\ftsub.c estimated size: 69

C:\Program Files (x86)\Microchip\xc8\v1.34\sources\common\float.c
		___ftpack      		CODE           	38BC	0000	199

C:\Program Files (x86)\Microchip\xc8\v1.34\sources\common\float.c estimated size: 199

C:\Program Files (x86)\Microchip\xc8\v1.34\sources\pic18\plib\USART\uopen.c
		_OpenUSART     		CODE           	4372	0000	113

C:\Program Files (x86)\Microchip\xc8\v1.34\sources\pic18\plib\USART\uopen.c estimated size: 113

Setup_Fan_Temp.c
		_Setup_Temp_Fan		CODE           	3ECC	0000	149
		_Decrease_Fan_T		CODE           	4E56	0000	27
		_Increase_Fan_T		CODE           	4E3C	0000	27
		_Exit_Setup_Fan		CODE           	4FE2	0000	17
		_Do_Save_New_Fa		CODE           	4F14	0000	21
		_Update_Setup_F		CODE           	3D0A	0000	151
		_Initialize_Set		CODE           	3B02	0000	185

Setup_Fan_Temp.c estimated size: 577

C:\Program Files (x86)\Microchip\xc8\v1.34\sources\common\awmod.c
		___awmod       		CODE           	4210	0000	131

C:\Program Files (x86)\Microchip\xc8\v1.34\sources\common\awmod.c estimated size: 131

Fan_Support.c
		_get_duty_cycle		CODE           	4B36	0000	51
		_get_RPM       		CODE           	495C	0000	63
		_Toggle_Fan_Mon		CODE           	4EE8	0000	23
		_Turn_Off_Fan  		CODE           	505C	0000	13
		_Monitor_Fan   		CODE           	4ACC	0000	57

Fan_Support.c estimated size: 207

I2C_Support.c
		_DS3231_Write_A		CODE           	418E	0000	131
		_DS3231_Init   		CODE           	3982	0000	193
		_DS3231_Read_Ti		CODE           	43E2	0000	105
		_DS1621_Init   		CODE           	4E02	0000	31
		_DS3231_Write_T		CODE           	3C70	0000	155
		_DS1621_Read_Te		CODE           	4A90	0000	61
		_DS3231_Turn_On		CODE           	4742	0000	83
		_DS3231_Read_Al		CODE           	4838	0000	79
		_DS3231_Turn_Of		CODE           	4794	0000	83

I2C_Support.c estimated size: 921

ST7735_TFT.c
		_drawChar      		CODE           	2818	0000	343
		_drawCircle    		CODE           	234E	0000	431
		_fillScreen    		CODE           	4E20	0000	29
		_Rcmd3         		CODE           	30C6	0000	243
		_write_data    		CODE           	5012	0000	17
		_setAddrWindow 		CODE           	46EC	0000	87
		_drawtext      		CODE           	3556	0000	227
		_fillRect      		CODE           	4886	0000	75
		_LCD_Reset     		CODE           	4F76	0000	19
		_drawPixel     		CODE           	4B9A	0000	49
		_fillRectangle 		CODE           	3638	0000	221
		_write_command 		CODE           	5022	0000	17
		_drawFastVLine 		CODE           	4080	0000	137
		_Rcmd2red      		CODE           	499A	0000	63
		_TFT_GreenTab_I		CODE           	4BCA	0000	45
		_delay_ms      		CODE           	47E6	0000	83
		_Rcmd1         		CODE           	2B98	0000	273
		_spiwrite      		CODE           	4F3C	0000	21

ST7735_TFT.c estimated size: 2380

C:\Program Files (x86)\Microchip\xc8\v1.34\sources\common\llmod.c
		___llmod       		CODE           	4302	0000	113

C:\Program Files (x86)\Microchip\xc8\v1.34\sources\common\llmod.c estimated size: 113

C:\Program Files (x86)\Microchip\xc8\v1.34\sources\common\awtoft.c
		___awtoft      		CODE           	4A54	0000	61

C:\Program Files (x86)\Microchip\xc8\v1.34\sources\common\awtoft.c estimated size: 61

C:\Program Files (x86)\Microchip\xc8\v1.34\sources\common\lbtoft.c
		___lbtoft      		CODE           	4C96	0000	39

C:\Program Files (x86)\Microchip\xc8\v1.34\sources\common\lbtoft.c estimated size: 39

Main_Screen.c
		_Update_Screen 		CODE           	0C60	0000	1557
		_Initialize_Scr		CODE           	1654	0000	897

Main_Screen.c estimated size: 2454

C:\Program Files (x86)\Microchip\xc8\v1.34\sources\common\ftmul.c
		___ftmul       		CODE           	2FCE	0000	249

C:\Program Files (x86)\Microchip\xc8\v1.34\sources\common\ftmul.c estimated size: 249

C:\Program Files (x86)\Microchip\xc8\v1.34\sources\common\isdigit.c
		_isdigit       		CODE           	4CE0	0000	35

C:\Program Files (x86)\Microchip\xc8\v1.34\sources\common\isdigit.c estimated size: 35

Main.c
		_putch         		CODE           	5032	0000	15
		_main          		CODE           	1C18	0000	517
		_init_UART     		CODE           	4F50	0000	21
		_Do_Init       		CODE           	4634	0000	97
		_test_alarm    		CODE           	31B8	0000	237

Main.c estimated size: 887

C:\Program Files (x86)\Microchip\xc8\v1.34\sources\common\strlen.c
		_strlen        		CODE           	49D8	0000	63

C:\Program Files (x86)\Microchip\xc8\v1.34\sources\common\strlen.c estimated size: 63

C:\Program Files (x86)\Microchip\xc8\v1.34\sources\common\ftdiv.c
		___ftdiv       		CODE           	3474	0000	227

C:\Program Files (x86)\Microchip\xc8\v1.34\sources\common\ftdiv.c estimated size: 227

C:\Program Files (x86)\Microchip\xc8\v1.34\sources\common\lltoft.c
		___lltoft      		CODE           	45D4	0000	97

C:\Program Files (x86)\Microchip\xc8\v1.34\sources\common\lltoft.c estimated size: 97

shared
		__powers_      		MEDIUMCONST    	FE6D	0000	40
		_font          		MEDIUMCONST    	FC43	0000	256
		_dpowers       		MEDIUMCONST    	FE1E	0000	41
		__npowers_     		MEDIUMCONST    	FE46	0000	40
		__initializatio		CODE           	44AE	0000	89
		_hexpowers     		MEDIUMCONST    	FE94	0000	33
		_font2         		MEDIUMCONST    	FD42	0000	221

shared estimated size: 720

Interrupt.c
		_INT2_isr      		CODE           	5092	0000	11
		_TIMER1_isr    		CODE           	504E	0000	15
		_Init_Interrupt		CODE           	4DC2	0000	33
		_INT0_isr      		CODE           	24FC	0000	409
		_chkisr        		CODE           	0008	0000	151

Interrupt.c estimated size: 619

Setup_Alarm_Time.c
		_Initialize_Set		CODE           	37EA	0000	211
		_Go_Next_Alarm_		CODE           	4D82	0000	33
		_Update_Setup_A		CODE           	32A4	0000	235
		_Go_Prev_Alarm_		CODE           	4D62	0000	33
		_Exit_Setup_Ala		CODE           	5002	0000	17
		_Do_Save_New_Al		CODE           	4E8A	0000	25
		_Decrease_Alarm		CODE           	4572	0000	99
		_Increase_Alarm		CODE           	4510	0000	99
		_Do_Setup_Alarm		CODE           	3A42	0000	193

Setup_Alarm_Time.c estimated size: 945

C:\Program Files (x86)\Microchip\xc8\v1.34\sources\common\strcpy.c
		_strcpy        		CODE           	4B68	0000	51

C:\Program Files (x86)\Microchip\xc8\v1.34\sources\common\strcpy.c estimated size: 51

C:\Program Files (x86)\Microchip\xc8\v1.34\sources\common\awdiv.c
		___awdiv       		CODE           	3DA0	0000	151

C:\Program Files (x86)\Microchip\xc8\v1.34\sources\common\awdiv.c estimated size: 151

utils.c
		_Do_Beep_Bad   		CODE           	4EBA	0000	25
		_Do_Beep_Good  		CODE           	4EA2	0000	25
		_Init_ADC      		CODE           	5040	0000	15
		_do_update_pwm 		CODE           	3BBA	0000	183
		_Activate_Buzze		CODE           	4F88	0000	19
		_Activate_Buzze		CODE           	4F64	0000	19
		_Deactivate_Buz		CODE           	509C	0000	9
		_Activate_Buzze		CODE           	4F9A	0000	19
		_check_for_butt		CODE           	3F60	0000	149
		_Set_RGB_Color 		CODE           	4ED2	0000	23
		_dec_2_bcd     		CODE           	4694	0000	89
		_read_volt     		CODE           	444A	0000	101
		_get_full_ADC  		CODE           	4C70	0000	39
		_bcd_2_dec     		CODE           	4BF6	0000	43
		_Wait_One_Sec  		CODE           	4DA2	0000	33

utils.c estimated size: 791

C:\Program Files (x86)\Microchip\xc8\v1.34\sources\common\lldiv.c
		___lldiv       		CODE           	3FF4	0000	141

C:\Program Files (x86)\Microchip\xc8\v1.34\sources\common\lldiv.c estimated size: 141

C:\Program Files (x86)\Microchip\xc8\v1.34\sources\common\doprnt.c
		_scale         		CODE           	1274	0000	993
		_printf        		CODE           	001C	0000	3141
		_fround        		CODE           	19D4	0000	581

C:\Program Files (x86)\Microchip\xc8\v1.34\sources\common\doprnt.c estimated size: 4715

C:\Program Files (x86)\Microchip\xc8\v1.34\sources\common\fttol.c
		___fttol       		CODE           	338E	0000	231

C:\Program Files (x86)\Microchip\xc8\v1.34\sources\common\fttol.c estimated size: 231

C:\Program Files (x86)\Microchip\xc8\v1.34\sources\common\Umul16.c
		___wmul        		CODE           	4C48	0000	41

C:\Program Files (x86)\Microchip\xc8\v1.34\sources\common\Umul16.c estimated size: 41

Setup_Time.c
		_Decrease_Time 		CODE           	296E	0000	283
		_Update_Setup_S		CODE           	1FE0	0000	443
		_Update_Setup_T		CODE           	2694	0000	389
		_Do_Save_New_Ti		CODE           	4F28	0000	21
		_Increase_Time 		CODE           	2A88	0000	273
		_Do_Setup_Time 		CODE           	3714	0000	215
		_Update_Setup_S		CODE           	219A	0000	437
		_Initialize_Set		CODE           	2DB8	0000	269
		_Go_Next_Field 		CODE           	4D42	0000	33
		_Go_Prev_Field 		CODE           	4D22	0000	33
		_Exit_Time_Setu		CODE           	4FF2	0000	17

Setup_Time.c estimated size: 2413

C:\Program Files (x86)\Microchip\xc8\v1.34\sources\common\ftadd.c
		___ftadd       		CODE           	1E1C	0000	453

C:\Program Files (x86)\Microchip\xc8\v1.34\sources\common\ftadd.c estimated size: 453

